
> @figma/my-make-file@0.0.1 test:e2e:headed
> playwright test --headed


Running 9 tests using 1 worker

Testing: Admin view appears after login
=====================================
Logging in as admin...
Credentials filled, clicking login...
[BROWSER - log]: ≡ƒöÉ handleLogin called with: {email: admin@metar.local, needsVerification: false, adminStatus: true, hasToken: true}
[BROWSER - log]: DEBUG: Set isAdmin to true
[BROWSER - log]: DEBUG: Routing to admin view
[BROWSER - log]: ≡ƒöÉ AdminDashboard mounted for user: admin@metar.local {hasAccessToken: true, accessTokenPrefix: eyJhbGciOiJFUzI1NiIs...}
[BROWSER - log]: Existing session found: admin@metar.local
[BROWSER - log]: Auth state change: INITIAL_SESSION admin@metar.local
[BROWSER - log]: ≡ƒöÉ AdminDashboard mounted for user: admin@metar.local {hasAccessToken: true, accessTokenPrefix: eyJhbGciOiJFUzI1NiIs...}
[BROWSER - log]: Existing session found: admin@metar.local
[BROWSER - log]: Auth state change: INITIAL_SESSION admin@metar.local
Logged in, current URL: http://localhost:8000/
Checking for admin-specific elements...
Page contains "admin": [33mtrue[39m
Page contains "dashboard": [33mtrue[39m
Visible buttons: [ [32m'File Converter'[39m, [32m''[39m, [32m'Logout'[39m, [32m'Refresh'[39m ]
Visible links: []
=====================================
Γ£ô Admin view test completed
  Γ£ô  1 [chromium] ΓÇ║ tests\e2e\admin-navigation.spec.ts:48:3 ΓÇ║ Admin Navigation ΓÇ║ admin view appears after login (4.4s)
Testing: Admin dropdown menu
=====================================
Logging in as admin...
Credentials filled, clicking login...
[BROWSER - log]: ≡ƒöÉ handleLogin called with: {email: admin@metar.local, needsVerification: false, adminStatus: true, hasToken: true}
[BROWSER - log]: DEBUG: Set isAdmin to true
[BROWSER - log]: DEBUG: Routing to admin view
[BROWSER - log]: ≡ƒöÉ AdminDashboard mounted for user: admin@metar.local {hasAccessToken: true, accessTokenPrefix: eyJhbGciOiJFUzI1NiIs...}
[BROWSER - log]: Existing session found: admin@metar.local
[BROWSER - log]: Auth state change: INITIAL_SESSION admin@metar.local
[BROWSER - log]: ≡ƒöÉ AdminDashboard mounted for user: admin@metar.local {hasAccessToken: true, accessTokenPrefix: eyJhbGciOiJFUzI1NiIs...}
[BROWSER - log]: Existing session found: admin@metar.local
[BROWSER - log]: Auth state change: INITIAL_SESSION admin@metar.local
Logged in, current URL: http://localhost:8000/
Found 0 select elements

=====================================
Γ£ô Admin dropdown test completed
  Γ£ô  2 [chromium] ΓÇ║ tests\e2e\admin-navigation.spec.ts:92:3 ΓÇ║ Admin Navigation ΓÇ║ admin dropdown menu check (4.2s)
Testing: Admin panel elements
=====================================
Logging in as admin...
Credentials filled, clicking login...
[BROWSER - log]: ≡ƒöÉ handleLogin called with: {email: admin@metar.local, needsVerification: false, adminStatus: true, hasToken: true}
[BROWSER - log]: DEBUG: Set isAdmin to true
[BROWSER - log]: DEBUG: Routing to admin view
[BROWSER - log]: ≡ƒöÉ AdminDashboard mounted for user: admin@metar.local {hasAccessToken: true, accessTokenPrefix: eyJhbGciOiJFUzI1NiIs...}
[BROWSER - log]: Existing session found: admin@metar.local
[BROWSER - log]: Auth state change: INITIAL_SESSION admin@metar.local
[BROWSER - log]: ≡ƒöÉ AdminDashboard mounted for user: admin@metar.local {hasAccessToken: true, accessTokenPrefix: eyJhbGciOiJFUzI1NiIs...}
[BROWSER - log]: Existing session found: admin@metar.local
[BROWSER - log]: Auth state change: INITIAL_SESSION admin@metar.local
Logged in, current URL: http://localhost:8000/
Checking for admin panel elements...

  Statistics: Γ£ù Not found (count: 0)
  User Management: Γ£ù Not found (count: 0)
  System Settings: Γ£ô Found (count: 1)
  Dashboard: Γ£ô Found (count: 1)
  Analytics: Γ£ù Not found (count: 0)
  Users: Γ£ô Found (count: 1)
  Settings: Γ£ô Found (count: 1)

=====================================
Γ£ô Admin panel elements test completed
  Γ£ô  3 [chromium] ΓÇ║ tests\e2e\admin-navigation.spec.ts:156:3 ΓÇ║ Admin Navigation ΓÇ║ admin panel elements check (4.6s)
Testing: Full login flow with detailed logging
=====================================
[REQUEST] GET http://localhost:8000/
[RESPONSE] 200 http://localhost:8000/
[REQUEST] GET http://localhost:8000/assets/index-CK129LEa.js
[REQUEST] GET http://localhost:8000/assets/index-B9fI2ZUQ.css
[RESPONSE] 200 http://localhost:8000/assets/index-B9fI2ZUQ.css
[RESPONSE] 200 http://localhost:8000/assets/index-CK129LEa.js
Step 1: Navigated to home page
[CONSOLE-verbose] [DOM] Input elements should have autocomplete attributes (suggested: "current-password"): (More info: https://goo.gl/9p2vKq) %o
Step 2: Page loaded
Step 3: Email filled
Step 4: Password filled
[REQUEST] POST https://ktvxijislbtgqapllmuk.supabase.co/auth/v1/token?grant_type=password
Step 5: Login button clicked
[RESPONSE] 200 https://ktvxijislbtgqapllmuk.supabase.co/auth/v1/token?grant_type=password
[REQUEST] GET https://ktvxijislbtgqapllmuk.supabase.co/rest/v1/user_profiles?select=approval_status%2Cis_admin%2Cusername&id=eq.27f7a37c-5575-4e19-a6d6-338755caec1d
[RESPONSE] 200 https://ktvxijislbtgqapllmuk.supabase.co/rest/v1/user_profiles?select=approval_status%2Cis_admin%2Cusername&id=eq.27f7a37c-5575-4e19-a6d6-338755caec1d
[REQUEST] PATCH https://ktvxijislbtgqapllmuk.supabase.co/rest/v1/user_profiles?id=eq.27f7a37c-5575-4e19-a6d6-338755caec1d
[RESPONSE] 204 https://ktvxijislbtgqapllmuk.supabase.co/rest/v1/user_profiles?id=eq.27f7a37c-5575-4e19-a6d6-338755caec1d
[BROWSER - log]: ≡ƒöÉ handleLogin called with: {email: admin@metar.local, needsVerification: false, adminStatus: true, hasToken: true}
[CONSOLE-log] ≡ƒöÉ handleLogin called with: {email: admin@metar.local, needsVerification: false, adminStatus: true, hasToken: true}
[BROWSER - log]: DEBUG: Set isAdmin to true
[CONSOLE-log] DEBUG: Set isAdmin to true
[BROWSER - log]: DEBUG: Routing to admin view
[CONSOLE-log] DEBUG: Routing to admin view
[BROWSER - log]: ≡ƒöÉ AdminDashboard mounted for user: admin@metar.local {hasAccessToken: true, accessTokenPrefix: eyJhbGciOiJFUzI1NiIs...}
[CONSOLE-log] ≡ƒöÉ AdminDashboard mounted for user: admin@metar.local {hasAccessToken: true, accessTokenPrefix: eyJhbGciOiJFUzI1NiIs...}
[CONSOLE-log] ≡ƒÄ¿ AdminDashboard rendering with activePanel=approval
[CONSOLE-log] Γ£à AdminDashboard panels initialized successfully (3 panels)
[CONSOLE-log]    Panel icons: Users=object, Settings=object, Activity=object
[CONSOLE-log] Path: / Hash accessToken: false Type: null
[BROWSER - log]: Existing session found: admin@metar.local
[CONSOLE-log] Existing session found: admin@metar.local
[BROWSER - log]: Auth state change: INITIAL_SESSION admin@metar.local
[CONSOLE-log] Auth state change: INITIAL_SESSION admin@metar.local
[BROWSER - log]: ≡ƒöÉ AdminDashboard mounted for user: admin@metar.local {hasAccessToken: true, accessTokenPrefix: eyJhbGciOiJFUzI1NiIs...}
[CONSOLE-log] ≡ƒöÉ AdminDashboard mounted for user: admin@metar.local {hasAccessToken: true, accessTokenPrefix: eyJhbGciOiJFUzI1NiIs...}
[CONSOLE-log] ≡ƒÄ¿ AdminDashboard rendering with activePanel=approval
[CONSOLE-log] Γ£à AdminDashboard panels initialized successfully (3 panels)
[CONSOLE-log]    Panel icons: Users=object, Settings=object, Activity=object
[CONSOLE-log] Path: / Hash accessToken: false Type: null
[REQUEST] GET https://ktvxijislbtgqapllmuk.supabase.co/rest/v1/user_profiles?select=*&approval_status=eq.pending&order=created_at.desc
[BROWSER - log]: Existing session found: admin@metar.local
[CONSOLE-log] Existing session found: admin@metar.local
[BROWSER - log]: Auth state change: INITIAL_SESSION admin@metar.local
[CONSOLE-log] Auth state change: INITIAL_SESSION admin@metar.local
[CONSOLE-log] Skipping - already processed this user and authenticated
[RESPONSE] 200 https://ktvxijislbtgqapllmuk.supabase.co/rest/v1/user_profiles?select=*&approval_status=eq.pending&order=created_at.desc
Step 6: Waited 2s
Step 7: Waited 4s total

Final State:
URL: http://localhost:8000/
Title: METAR-2-IWXXM
Headings: [
  [32m'H1: Admin Dashboard'[39m,
  [32m'H3: User Approvals'[39m,
  [32m'H3: System Settings'[39m,
  [32m'H3: System Monitoring'[39m,
  [32m'H2: Pending User Approvals'[39m
]

=====================================
Total events captured: 33
Γ£ô Full login flow test completed
  Γ£ô  4 [chromium] ΓÇ║ tests\e2e\admin-navigation.spec.ts:194:3 ΓÇ║ Admin Navigation ΓÇ║ capture full login flow with detailed logging (5.6s)
Navigating to login page...
Testing: Login page loads correctly
Checking for email input...
Checking for password input...
Checking for login button...
Γ£ô Login page loaded successfully
  Γ£ô  5 [chromium] ΓÇ║ tests\e2e\auth.spec.ts:27:3 ΓÇ║ Authentication Flow ΓÇ║ login page loads correctly (1.1s)
Navigating to login page...
Testing: Empty login validation
Clicking login button with empty fields...
Current URL after empty submit: http://localhost:8000/
Γ£ô Empty login validation test completed
  Γ£ô  6 [chromium] ΓÇ║ tests\e2e\auth.spec.ts:53:3 ΓÇ║ Authentication Flow ΓÇ║ empty login validation (2.2s)
Navigating to login page...
Testing: Navigation to register page
ΓÜá Register link not found on page
  Γ£ô  7 [chromium] ΓÇ║ tests\e2e\auth.spec.ts:76:3 ΓÇ║ Authentication Flow ΓÇ║ navigation to register page (990ms)
Navigating to login page...
Testing: Admin login flow
=====================================
Filling in admin credentials...
Email filled: admin@metar.local
Password filled: Admin123456!
Clicking login button...
Waiting for response...
[BROWSER CONSOLE - log]: ≡ƒöÉ handleLogin called with: {email: admin@metar.local, needsVerification: false, adminStatus: true, hasToken: true}
[BROWSER CONSOLE - log]: DEBUG: Set isAdmin to true
[BROWSER CONSOLE - log]: DEBUG: Routing to admin view
[BROWSER CONSOLE - log]: ≡ƒöÉ AdminDashboard mounted for user: admin@metar.local {hasAccessToken: true, accessTokenPrefix: eyJhbGciOiJFUzI1NiIs...}
[BROWSER CONSOLE - log]: Existing session found: admin@metar.local
[BROWSER CONSOLE - log]: Auth state change: INITIAL_SESSION admin@metar.local
[BROWSER CONSOLE - log]: ≡ƒöÉ AdminDashboard mounted for user: admin@metar.local {hasAccessToken: true, accessTokenPrefix: eyJhbGciOiJFUzI1NiIs...}
[BROWSER CONSOLE - log]: Existing session found: admin@metar.local
[BROWSER CONSOLE - log]: Auth state change: INITIAL_SESSION admin@metar.local
[BROWSER CONSOLE - log]: Skipping - already processed this user and authenticated
Current URL after login: http://localhost:8000/
Page title: METAR-2-IWXXM
Page headings: [
  {
    "tag": "H1",
    "text": "Admin Dashboard"
  },
  {
    "tag": "H3",
    "text": "User Approvals"
  },
  {
    "tag": "H3",
    "text": "System Settings"
  },
  {
    "tag": "H3",
    "text": "System Monitoring"
  },
  {
    "tag": "H2",
    "text": "Pending User Approvals"
  }
]

Checking for admin dashboard elements...
Admin Dashboard visible: [33mtrue[39m
Converter visible: [33mtrue[39m
Admin Panel elements visible: [33mtrue[39m
Select elements found: []
Elements with data-testid: []

Page content (first 500 chars): 
      ((a,e,i,o,d,u,l,s)=>{let g=document.documentElement,h=["light","dark"];function E(f){(Array.isArray(a)?a:[a]).forEach(N=>{let S=N==="class",C=S&&u?d.map(k=>u[k]||k):d;S?(g.classList.remove(...C),g.classList.add(u&&u[f]?u[f]:f)):g.setAttribute(N,f)}),p(f)}function p(f){s&&h.includes(f)&&(g.style.colorScheme=f)}function v(){return window.matchMedia("(prefers-color-scheme: dark)").matches?"dark":"light"}if(o)E(o);else try{let f=localStorage.getItem(e)||i,N=l&&f==="system"?v():f;E(N)}catch{}}
=====================================
Γ£ô Admin login flow test completed
  Γ£ô  8 [chromium] ΓÇ║ tests\e2e\auth.spec.ts:99:3 ΓÇ║ Authentication Flow ΓÇ║ admin login flow (4.3s)
Navigating to login page...
Testing: Capture ALL console logs during login
=====================================
[VERBOSE] [DOM] Input elements should have autocomplete attributes (suggested: "current-password"): (More info: https://goo.gl/9p2vKq) %o
[BROWSER CONSOLE - log]: ≡ƒöÉ handleLogin called with: {email: admin@metar.local, needsVerification: false, adminStatus: true, hasToken: true}
[LOG] ≡ƒöÉ handleLogin called with: {email: admin@metar.local, needsVerification: false, adminStatus: true, hasToken: true}
[BROWSER CONSOLE - log]: DEBUG: Set isAdmin to true
[LOG] DEBUG: Set isAdmin to true
[BROWSER CONSOLE - log]: DEBUG: Routing to admin view
[LOG] DEBUG: Routing to admin view
[BROWSER CONSOLE - log]: ≡ƒöÉ AdminDashboard mounted for user: admin@metar.local {hasAccessToken: true, accessTokenPrefix: eyJhbGciOiJFUzI1NiIs...}
[LOG] ≡ƒöÉ AdminDashboard mounted for user: admin@metar.local {hasAccessToken: true, accessTokenPrefix: eyJhbGciOiJFUzI1NiIs...}
[LOG] ≡ƒÄ¿ AdminDashboard rendering with activePanel=approval
[LOG] Γ£à AdminDashboard panels initialized successfully (3 panels)
[LOG]    Panel icons: Users=object, Settings=object, Activity=object
[LOG] Path: / Hash accessToken: false Type: null
[BROWSER CONSOLE - log]: Existing session found: admin@metar.local
[LOG] Existing session found: admin@metar.local
[BROWSER CONSOLE - log]: Auth state change: INITIAL_SESSION admin@metar.local
[LOG] Auth state change: INITIAL_SESSION admin@metar.local
[BROWSER CONSOLE - log]: ≡ƒöÉ AdminDashboard mounted for user: admin@metar.local {hasAccessToken: true, accessTokenPrefix: eyJhbGciOiJFUzI1NiIs...}
[LOG] ≡ƒöÉ AdminDashboard mounted for user: admin@metar.local {hasAccessToken: true, accessTokenPrefix: eyJhbGciOiJFUzI1NiIs...}
[LOG] ≡ƒÄ¿ AdminDashboard rendering with activePanel=approval
[LOG] Γ£à AdminDashboard panels initialized successfully (3 panels)
[LOG]    Panel icons: Users=object, Settings=object, Activity=object
[LOG] Path: / Hash accessToken: false Type: null
[BROWSER CONSOLE - log]: Existing session found: admin@metar.local
[LOG] Existing session found: admin@metar.local
[BROWSER CONSOLE - log]: Auth state change: INITIAL_SESSION admin@metar.local
[LOG] Auth state change: INITIAL_SESSION admin@metar.local
[BROWSER CONSOLE - log]: Skipping - already processed this user and authenticated
[LOG] Skipping - already processed this user and authenticated

=====================================
Total console logs captured: 19
=====================================

  Γ£ô  9 [chromium] ΓÇ║ tests\e2e\auth.spec.ts:184:3 ΓÇ║ Authentication Flow ΓÇ║ capture all console logs during login (5.3s)

  9 passed (34.8s)

To open last HTML report run:
[36m[39m
[36m  npx playwright show-report[39m
[36m[39m
