
Running 5 tests using 1 worker

Testing: Admin view appears after login
=====================================
Logging in as admin...
Credentials filled, clicking login...
[BROWSER - log]: ≡ƒöÉ handleLogin called with: {email: admin@metar.local, needsVerification: false, adminStatus: true, hasToken: true}
[BROWSER - log]: DEBUG: Set isAdmin to true
[BROWSER - log]: DEBUG: Routing to admin view
[BROWSER - log]: ≡ƒöÉ AdminDashboard mounted for user: admin@metar.local {hasAccessToken: true, accessTokenPrefix: eyJhbGciOiJFUzI1NiIs...}
[BROWSER - log]: Existing session found: admin@metar.local
[BROWSER - log]: Auth state change: INITIAL_SESSION admin@metar.local
[BROWSER - log]: ≡ƒöÉ AdminDashboard mounted for user: admin@metar.local {hasAccessToken: true, accessTokenPrefix: eyJhbGciOiJFUzI1NiIs...}
[BROWSER - log]: Existing session found: admin@metar.local
[BROWSER - log]: Auth state change: INITIAL_SESSION admin@metar.local
Logged in, current URL: http://localhost:8000/
Checking for admin-specific elements...
Page contains "admin": [33mtrue[39m
Page contains "dashboard": [33mtrue[39m
Visible buttons: [ [32m'File Converter'[39m, [32m''[39m, [32m'Logout'[39m, [32m'Refresh'[39m ]
Visible links: []
=====================================
Γ£ô Admin view test completed
  Γ£ô  1 [chromium] ΓÇ║ tests\e2e\admin-navigation.spec.ts:48:3 ΓÇ║ Admin Navigation ΓÇ║ admin view appears after login (4.4s)
Testing: Admin dropdown menu
=====================================
Logging in as admin...
Credentials filled, clicking login...
[BROWSER - log]: ≡ƒöÉ handleLogin called with: {email: admin@metar.local, needsVerification: false, adminStatus: true, hasToken: true}
[BROWSER - log]: DEBUG: Set isAdmin to true
[BROWSER - log]: DEBUG: Routing to admin view
[BROWSER - log]: ≡ƒöÉ AdminDashboard mounted for user: admin@metar.local {hasAccessToken: true, accessTokenPrefix: eyJhbGciOiJFUzI1NiIs...}
[BROWSER - log]: Existing session found: admin@metar.local
[BROWSER - log]: Auth state change: INITIAL_SESSION admin@metar.local
[BROWSER - log]: ≡ƒöÉ AdminDashboard mounted for user: admin@metar.local {hasAccessToken: true, accessTokenPrefix: eyJhbGciOiJFUzI1NiIs...}
[BROWSER - log]: Existing session found: admin@metar.local
[BROWSER - log]: Auth state change: INITIAL_SESSION admin@metar.local
Logged in, current URL: http://localhost:8000/
Found 0 select elements

=====================================
Γ£ô Admin dropdown test completed
  Γ£ô  2 [chromium] ΓÇ║ tests\e2e\admin-navigation.spec.ts:92:3 ΓÇ║ Admin Navigation ΓÇ║ admin dropdown menu check (4.2s)
Testing: Admin panel elements
=====================================
Logging in as admin...
Credentials filled, clicking login...
[BROWSER - log]: ≡ƒöÉ handleLogin called with: {email: admin@metar.local, needsVerification: false, adminStatus: true, hasToken: true}
[BROWSER - log]: DEBUG: Set isAdmin to true
[BROWSER - log]: DEBUG: Routing to admin view
[BROWSER - log]: ≡ƒöÉ AdminDashboard mounted for user: admin@metar.local {hasAccessToken: true, accessTokenPrefix: eyJhbGciOiJFUzI1NiIs...}
[BROWSER - log]: Existing session found: admin@metar.local
[BROWSER - log]: Auth state change: INITIAL_SESSION admin@metar.local
[BROWSER - log]: ≡ƒöÉ AdminDashboard mounted for user: admin@metar.local {hasAccessToken: true, accessTokenPrefix: eyJhbGciOiJFUzI1NiIs...}
[BROWSER - log]: Existing session found: admin@metar.local
[BROWSER - log]: Auth state change: INITIAL_SESSION admin@metar.local
Logged in, current URL: http://localhost:8000/
Checking for admin panel elements...

  Statistics: Γ£ù Not found (count: 0)
  User Management: Γ£ù Not found (count: 0)
  System Settings: Γ£ô Found (count: 1)
  Dashboard: Γ£ô Found (count: 1)
  Analytics: Γ£ù Not found (count: 0)
  Users: Γ£ô Found (count: 1)
  Settings: Γ£ô Found (count: 1)

=====================================
Γ£ô Admin panel elements test completed
  Γ£ô  3 [chromium] ΓÇ║ tests\e2e\admin-navigation.spec.ts:156:3 ΓÇ║ Admin Navigation ΓÇ║ admin panel elements check (4.6s)
Testing: Full login flow with detailed logging
=====================================
[REQUEST] GET http://localhost:8000/
[RESPONSE] 200 http://localhost:8000/
[REQUEST] GET http://localhost:8000/assets/index-CK129LEa.js
[REQUEST] GET http://localhost:8000/assets/index-B9fI2ZUQ.css
[RESPONSE] 200 http://localhost:8000/assets/index-B9fI2ZUQ.css
[RESPONSE] 200 http://localhost:8000/assets/index-CK129LEa.js
Step 1: Navigated to home page
[CONSOLE-verbose] [DOM] Input elements should have autocomplete attributes (suggested: "current-password"): (More info: https://goo.gl/9p2vKq) %o
Step 2: Page loaded
Step 3: Email filled
Step 4: Password filled
[REQUEST] POST https://ktvxijislbtgqapllmuk.supabase.co/auth/v1/token?grant_type=password
Step 5: Login button clicked
[RESPONSE] 200 https://ktvxijislbtgqapllmuk.supabase.co/auth/v1/token?grant_type=password
[REQUEST] GET https://ktvxijislbtgqapllmuk.supabase.co/rest/v1/user_profiles?select=approval_status%2Cis_admin%2Cusername&id=eq.27f7a37c-5575-4e19-a6d6-338755caec1d
[RESPONSE] 200 https://ktvxijislbtgqapllmuk.supabase.co/rest/v1/user_profiles?select=approval_status%2Cis_admin%2Cusername&id=eq.27f7a37c-5575-4e19-a6d6-338755caec1d
[REQUEST] PATCH https://ktvxijislbtgqapllmuk.supabase.co/rest/v1/user_profiles?id=eq.27f7a37c-5575-4e19-a6d6-338755caec1d
[RESPONSE] 204 https://ktvxijislbtgqapllmuk.supabase.co/rest/v1/user_profiles?id=eq.27f7a37c-5575-4e19-a6d6-338755caec1d
[BROWSER - log]: ≡ƒöÉ handleLogin called with: {email: admin@metar.local, needsVerification: false, adminStatus: true, hasToken: true}
[CONSOLE-log] ≡ƒöÉ handleLogin called with: {email: admin@metar.local, needsVerification: false, adminStatus: true, hasToken: true}
[BROWSER - log]: DEBUG: Set isAdmin to true
[CONSOLE-log] DEBUG: Set isAdmin to true
[BROWSER - log]: DEBUG: Routing to admin view
[CONSOLE-log] DEBUG: Routing to admin view
[BROWSER - log]: ≡ƒöÉ AdminDashboard mounted for user: admin@metar.local {hasAccessToken: true, accessTokenPrefix: eyJhbGciOiJFUzI1NiIs...}
[CONSOLE-log] ≡ƒöÉ AdminDashboard mounted for user: admin@metar.local {hasAccessToken: true, accessTokenPrefix: eyJhbGciOiJFUzI1NiIs...}
[CONSOLE-log] ≡ƒÄ¿ AdminDashboard rendering with activePanel=approval
[CONSOLE-log] Γ£à AdminDashboard panels initialized successfully (3 panels)
[CONSOLE-log]    Panel icons: Users=object, Settings=object, Activity=object
[CONSOLE-log] Path: / Hash accessToken: false Type: null
[BROWSER - log]: Existing session found: admin@metar.local
[CONSOLE-log] Existing session found: admin@metar.local
[BROWSER - log]: Auth state change: INITIAL_SESSION admin@metar.local
[CONSOLE-log] Auth state change: INITIAL_SESSION admin@metar.local
[BROWSER - log]: ≡ƒöÉ AdminDashboard mounted for user: admin@metar.local {hasAccessToken: true, accessTokenPrefix: eyJhbGciOiJFUzI1NiIs...}
[CONSOLE-log] ≡ƒöÉ AdminDashboard mounted for user: admin@metar.local {hasAccessToken: true, accessTokenPrefix: eyJhbGciOiJFUzI1NiIs...}
[CONSOLE-log] ≡ƒÄ¿ AdminDashboard rendering with activePanel=approval
[CONSOLE-log] Γ£à AdminDashboard panels initialized successfully (3 panels)
[CONSOLE-log]    Panel icons: Users=object, Settings=object, Activity=object
[CONSOLE-log] Path: / Hash accessToken: false Type: null
[REQUEST] GET https://ktvxijislbtgqapllmuk.supabase.co/rest/v1/user_profiles?select=*&approval_status=eq.pending&order=created_at.desc
[BROWSER - log]: Existing session found: admin@metar.local
[CONSOLE-log] Existing session found: admin@metar.local
[BROWSER - log]: Auth state change: INITIAL_SESSION admin@metar.local
[CONSOLE-log] Auth state change: INITIAL_SESSION admin@metar.local
[CONSOLE-log] Skipping - already processed this user and authenticated
[RESPONSE] 200 https://ktvxijislbtgqapllmuk.supabase.co/rest/v1/user_profiles?select=*&approval_status=eq.pending&order=created_at.desc
Step 6: Waited 2s
Step 7: Waited 4s total

Final State:
URL: http://localhost:8000/
Title: METAR-2-IWXXM
Headings: [
  [32m'H1: Admin Dashboard'[39m,
  [32m'H3: User Approvals'[39m,
  [32m'H3: System Settings'[39m,
  [32m'H3: System Monitoring'[39m,
  [32m'H2: Pending User Approvals'[39m
]

=====================================
Total events captured: 33
Γ£ô Full login flow test completed
  Γ£ô  4 [chromium] ΓÇ║ tests\e2e\admin-navigation.spec.ts:194:3 ΓÇ║ Admin Navigation ΓÇ║ capture full login flow with detailed logging (5.5s)
Testing: File Converter button accessibility
=====================================
Step 1: Logging in as admin...
[BROWSER - log]: ≡ƒöÉ handleLogin called with: {email: admin@metar.local, needsVerification: false, adminStatus: true, hasToken: true}
[BROWSER - log]: DEBUG: Set isAdmin to true
[BROWSER - log]: DEBUG: Routing to admin view
[BROWSER - log]: ≡ƒöÉ AdminDashboard mounted for user: admin@metar.local {hasAccessToken: true, accessTokenPrefix: eyJhbGciOiJFUzI1NiIs...}
[BROWSER - log]: Existing session found: admin@metar.local
[BROWSER - log]: Auth state change: INITIAL_SESSION admin@metar.local
[BROWSER - log]: ≡ƒöÉ AdminDashboard mounted for user: admin@metar.local {hasAccessToken: true, accessTokenPrefix: eyJhbGciOiJFUzI1NiIs...}
[BROWSER - log]: Existing session found: admin@metar.local
[BROWSER - log]: Auth state change: INITIAL_SESSION admin@metar.local
Step 2: Verifying admin dashboard...
Admin Dashboard visible: true
Step 3: Checking File Converter button...
File Converter button visible: true
Step 4: Clicking File Converter button...
[BROWSER - log]: Existing session found: admin@metar.local
[BROWSER - log]: Auth state change: INITIAL_SESSION admin@metar.local
Step 5: Verifying file converter view...
File Converter heading visible: true
Step 6: Checking select dropdown in converter...
Select dropdown visible: true
Step 7: Checking Admin Dashboard option...
Admin Dashboard option exists: true
=====================================
Γ£ô File Converter button accessibility test completed
  Γ£ô  5 [chromium] ΓÇ║ tests\e2e\admin-navigation.spec.ts:265:3 ΓÇ║ Admin Navigation ΓÇ║ file converter button is accessible from admin dashboard (6.0s)

  5 passed (26.9s)

To open last HTML report run:
[36m[39m
[36m  npx playwright show-report[39m
[36m[39m
